Indexing dataset from data/processed/pokepilot_v1_metamon_gen9ou_1550_full.jsonl...
Loaded dataset with 17228080 samples; train=13781881 val=3446199.
Building train priors...
Using device=cuda, train_workers=8, eval_workers=4, pin_memory=True.
Starting epoch 1/3...
{"covered_top1": 0.446750578959231, "covered_top3": 0.7952125310898142, "ece": 0.06499120826610533, "endgame_stability": 0.9999551003625055, "epoch": 1.0, "false_switch_rate_on_move": 0.20246879865426395, "frontier_gold_recall": 0.628178465608051, "frontier_mean_width": 2.295894984590269, "gold_candidate_coverage": 0.880609622369457, "gold_in_top3": 0.7002718067064613, "gold_top1": 0.39341285863062464, "head_routing_accuracy": 0.7536239201508677, "line_accuracy": 0.6695367853104246, "outcome_proxy": 0.5624296064329197, "particle_mae": 0.0536713332585473, "ranking_score": 0.6185592749626327, "reveal_bce": 0.26196120351304414, "selection_score": 0.5815016774615902, "switch_head_recall": 0.6634038060412536, "switch_selection_score": 0.4703288849584627, "switch_target_accuracy": 0.3793361316406149, "switch_target_species_accuracy": 0.3793361316406149, "top1_family_accuracy": 0.5846757543600936, "train_loss": 4.890631119770391, "typed_consequence_axis_accuracy": 0.7807565748284211}
Starting epoch 2/3...
Traceback (most recent call last):
  File "<frozen runpy>", line 198, in _run_module_as_main
  File "<frozen runpy>", line 88, in _run_code
  File "/root/autodl-tmp/PokePilot/src/pokepilot/cli/train_v1.py", line 123, in <module>
    main()
  File "/root/autodl-tmp/PokePilot/src/pokepilot/cli/train_v1.py", line 66, in main
    metrics = train_model(
              ^^^^^^^^^^^^
  File "/root/autodl-tmp/PokePilot/src/pokepilot/training/trainer.py", line 836, in train_model
    metrics = evaluate_model(model, val_loader, device)
              ^^^^^^^^^^^^^^^^^^^^^^^^^^^^^^^^^^^^^^^^^
  File "/root/autodl-tmp/PokePilot/src/pokepilot/training/trainer.py", line 609, in evaluate_model
    for batch in loader:
  File "/root/miniconda3/envs/PokePilot/lib/python3.11/site-packages/torch/utils/data/dataloader.py", line 718, in __next__
    data = self._next_data()
           ^^^^^^^^^^^^^^^^^
  File "/root/miniconda3/envs/PokePilot/lib/python3.11/site-packages/torch/utils/data/dataloader.py", line 1501, in _next_data
    idx, data = self._get_data()
                ^^^^^^^^^^^^^^^^
  File "/root/miniconda3/envs/PokePilot/lib/python3.11/site-packages/torch/utils/data/dataloader.py", line 1450, in _get_data
    success, data = self._try_get_data()
                    ^^^^^^^^^^^^^^^^^^^^
  File "/root/miniconda3/envs/PokePilot/lib/python3.11/site-packages/torch/utils/data/dataloader.py", line 1287, in _try_get_data
    data = self._data_queue.get(timeout=timeout)
           ^^^^^^^^^^^^^^^^^^^^^^^^^^^^^^^^^^^^^
  File "/root/miniconda3/envs/PokePilot/lib/python3.11/queue.py", line 180, in get
    self.not_empty.wait(remaining)
  File "/root/miniconda3/envs/PokePilot/lib/python3.11/threading.py", line 331, in wait
    gotit = waiter.acquire(True, timeout)
            ^^^^^^^^^^^^^^^^^^^^^^^^^^^^^
KeyboardInterrupt
Exception in thread Thread-2 (_pin_memory_loop):
Traceback (most recent call last):
  File "/root/miniconda3/envs/PokePilot/lib/python3.11/threading.py", line 1045, in _bootstrap_inner
    self.run()
  File "/root/miniconda3/envs/PokePilot/lib/python3.11/threading.py", line 982, in run
    self._target(*self._args, **self._kwargs)
  File "/root/miniconda3/envs/PokePilot/lib/python3.11/site-packages/torch/utils/data/_utils/pin_memory.py", line 52, in _pin_memory_loop
    do_one_step()
  File "/root/miniconda3/envs/PokePilot/lib/python3.11/site-packages/torch/utils/data/_utils/pin_memory.py", line 28, in do_one_step
    r = in_queue.get(timeout=MP_STATUS_CHECK_INTERVAL)
        ^^^^^^^^^^^^^^^^^^^^^^^^^^^^^^^^^^^^^^^^^^^^^^
  File "/root/miniconda3/envs/PokePilot/lib/python3.11/multiprocessing/queues.py", line 122, in get
    return _ForkingPickler.loads(res)
           ^^^^^^^^^^^^^^^^^^^^^^^^^^
  File "/root/miniconda3/envs/PokePilot/lib/python3.11/site-packages/torch/multiprocessing/reductions.py", line 540, in rebuild_storage_fd
    fd = df.detach()
         ^^^^^^^^^^^
  File "/root/miniconda3/envs/PokePilot/lib/python3.11/multiprocessing/resource_sharer.py", line 57, in detach
    with _resource_sharer.get_connection(self._id) as conn:
         ^^^^^^^^^^^^^^^^^^^^^^^^^^^^^^^^^^^^^^^^^
  File "/root/miniconda3/envs/PokePilot/lib/python3.11/multiprocessing/resource_sharer.py", line 86, in get_connection
    c = Client(address, authkey=process.current_process().authkey)
        ^^^^^^^^^^^^^^^^^^^^^^^^^^^^^^^^^^^^^^^^^^^^^^^^^^^^^^^^^^
  File "/root/miniconda3/envs/PokePilot/lib/python3.11/multiprocessing/connection.py", line 519, in Client
    c = SocketClient(address)
        ^^^^^^^^^^^^^^^^^^^^^
  File "/root/miniconda3/envs/PokePilot/lib/python3.11/multiprocessing/connection.py", line 647, in SocketClient
    s.connect(address)
FileNotFoundError: [Errno 2] No such file or directory
Process Process-9:
Process Process-10:
Process Process-12:
Process Process-11:
Exception ignored in atexit callback: <function _MultiProcessingDataLoaderIter._clean_up_worker at 0x7f333040f100>
Traceback (most recent call last):
  File "/root/miniconda3/envs/PokePilot/lib/python3.11/site-packages/torch/utils/data/dataloader.py", line 1680, in _clean_up_worker
Traceback (most recent call last):
Traceback (most recent call last):
Traceback (most recent call last):
    w.join(timeout=_utils.MP_STATUS_CHECK_INTERVAL)
  File "/root/miniconda3/envs/PokePilot/lib/python3.11/multiprocessing/process.py", line 317, in _bootstrap
    util._exit_function()
  File "/root/miniconda3/envs/PokePilot/lib/python3.11/multiprocessing/util.py", line 363, in _exit_function
    _run_finalizers()
  File "/root/miniconda3/envs/PokePilot/lib/python3.11/multiprocessing/util.py", line 303, in _run_finalizers
    finalizer()
  File "/root/miniconda3/envs/PokePilot/lib/python3.11/multiprocessing/util.py", line 227, in __call__
    res = self._callback(*self._args, **self._kwargs)
          ^^^^^^^^^^^^^^^^^^^^^^^^^^^^^^^^^^^^^^^^^^^
  File "/root/miniconda3/envs/PokePilot/lib/python3.11/multiprocessing/process.py", line 317, in _bootstrap
    util._exit_function()
  File "/root/miniconda3/envs/PokePilot/lib/python3.11/multiprocessing/queues.py", line 199, in _finalize_join
    thread.join()
  File "/root/miniconda3/envs/PokePilot/lib/python3.11/multiprocessing/util.py", line 363, in _exit_function
    _run_finalizers()
  File "/root/miniconda3/envs/PokePilot/lib/python3.11/threading.py", line 1119, in join
    self._wait_for_tstate_lock()
  File "/root/miniconda3/envs/PokePilot/lib/python3.11/multiprocessing/util.py", line 303, in _run_finalizers
    finalizer()
  File "/root/miniconda3/envs/PokePilot/lib/python3.11/multiprocessing/process.py", line 317, in _bootstrap
    util._exit_function()
  File "/root/miniconda3/envs/PokePilot/lib/python3.11/threading.py", line 1139, in _wait_for_tstate_lock
    if lock.acquire(block, timeout):
       ^^^^^^^^^^^^^^^^^^^^^^^^^^^^
  File "/root/miniconda3/envs/PokePilot/lib/python3.11/multiprocessing/util.py", line 363, in _exit_function
    _run_finalizers()
  File "/root/miniconda3/envs/PokePilot/lib/python3.11/multiprocessing/util.py", line 227, in __call__
    res = self._callback(*self._args, **self._kwargs)
          ^^^^^^^^^^^^^^^^^^^^^^^^^^^^^^^^^^^^^^^^^^^
  File "/root/miniconda3/envs/PokePilot/lib/python3.11/multiprocessing/util.py", line 303, in _run_finalizers
    finalizer()
  File "/root/miniconda3/envs/PokePilot/lib/python3.11/multiprocessing/queues.py", line 199, in _finalize_join
    thread.join()
  File "/root/miniconda3/envs/PokePilot/lib/python3.11/multiprocessing/process.py", line 149, in join
KeyboardInterrupt
  File "/root/miniconda3/envs/PokePilot/lib/python3.11/threading.py", line 1119, in join
    self._wait_for_tstate_lock()
  File "/root/miniconda3/envs/PokePilot/lib/python3.11/multiprocessing/util.py", line 227, in __call__
    res = self._callback(*self._args, **self._kwargs)
          ^^^^^^^^^^^^^^^^^^^^^^^^^^^^^^^^^^^^^^^^^^^
  File "/root/miniconda3/envs/PokePilot/lib/python3.11/multiprocessing/queues.py", line 199, in _finalize_join
    thread.join()
  File "/root/miniconda3/envs/PokePilot/lib/python3.11/threading.py", line 1139, in _wait_for_tstate_lock
    if lock.acquire(block, timeout):
       ^^^^^^^^^^^^^^^^^^^^^^^^^^^^
  File "/root/miniconda3/envs/PokePilot/lib/python3.11/threading.py", line 1119, in join
    self._wait_for_tstate_lock()
  File "/root/miniconda3/envs/PokePilot/lib/python3.11/threading.py", line 1139, in _wait_for_tstate_lock
    if lock.acquire(block, timeout):
       ^^^^^^^^^^^^^^^^^^^^^^^^^^^^
KeyboardInterrupt
KeyboardInterrupt
    res = self._popen.wait(timeout)
          ^^^^^^^^^^^^^^^^^^^^^^^^^
  File "/root/miniconda3/envs/PokePilot/lib/python3.11/multiprocessing/popen_fork.py", line 40, in wait
    if not wait([self.sentinel], timeout):
           ^^^^^^^^^^^^^^^^^^^^^^^^^^^^^^
  File "/root/miniconda3/envs/PokePilot/lib/python3.11/multiprocessing/connection.py", line 948, in wait
    ready = selector.select(timeout)
            ^^^^^^^^^^^^^^^^^^^^^^^^
  File "/root/miniconda3/envs/PokePilot/lib/python3.11/selectors.py", line 415, in select
    fd_event_list = self._selector.poll(timeout)
                    ^^^^^^^^^^^^^^^^^^^^^^^^^^^^
KeyboardInterrupt: 
Exception ignored in atexit callback: <function _MultiProcessingDataLoaderIter._clean_up_worker at 0x7f333040f100>
Traceback (most recent call last):
  File "/root/miniconda3/envs/PokePilot/lib/python3.11/site-packages/torch/utils/data/dataloader.py", line 1680, in _clean_up_worker
    w.join(timeout=_utils.MP_STATUS_CHECK_INTERVAL)
  File "/root/miniconda3/envs/PokePilot/lib/python3.11/multiprocessing/process.py", line 149, in join
    res = self._popen.wait(timeout)
          ^^^^^^^^^^^^^^^^^^^^^^^^^
  File "/root/miniconda3/envs/PokePilot/lib/python3.11/multiprocessing/popen_fork.py", line 40, in wait
    if not wait([self.sentinel], timeout):
           ^^^^^^^^^^^^^^^^^^^^^^^^^^^^^^
  File "/root/miniconda3/envs/PokePilot/lib/python3.11/multiprocessing/connection.py", line 948, in wait
    ready = selector.select(timeout)
            ^^^^^^^^^^^^^^^^^^^^^^^^
  File "/root/miniconda3/envs/PokePilot/lib/python3.11/selectors.py", line 425, in select
    key = self._key_from_fd(fd)
          ^^^^^^^^^^^^^^^^^^^^^
  File "/root/miniconda3/envs/PokePilot/lib/python3.11/selectors.py", line 275, in _key_from_fd
    def _key_from_fd(self, fd):

  File "/root/miniconda3/envs/PokePilot/lib/python3.11/site-packages/torch/utils/data/_utils/signal_handling.py", line 73, in handler
    _error_if_any_worker_fails()
RuntimeError: DataLoader worker (pid 61509) exited unexpectedly with exit code 1. Details are lost due to multiprocessing. Rerunning with num_workers=0 may give better error trace.
